<html>
<body>
<pre>
<h1>µVision Build Log</h1>
<h2>Tool Versions:</h2>
IDE-Version: ¦ÌVision V5.21.1.0
Copyright (C) 2016 ARM Ltd and ARM Germany GmbH. All rights reserved.
License Information: 1 mi, 1, LIC=JDA12-93AB6-GQU0H-W2LR5-CHLE9-ZB8G0
 
Tool Versions:
Toolchain:       MDK-ARM Professional  Version: 5.21a
Toolchain Path:  D:\Keil\ARM\ARMCC\Bin
C Compiler:      Armcc.exe V5.06 update 3 (build 300)
Assembler:       Armasm.exe V5.06 update 3 (build 300)
Linker/Locator:  ArmLink.exe V5.06 update 3 (build 300)
Library Manager: ArmAr.exe V5.06 update 3 (build 300)
Hex Converter:   FromElf.exe V5.06 update 3 (build 300)
CPU DLL:         SARMCM3.DLL V5.21a
Dialog DLL:      DCM.DLL V1.13.8.0
Target DLL:      Segger\JL2CM3.dll V2.99.23.0
Dialog DLL:      TCM.DLL V1.14.14.0
 
<h2>Project:</h2>
C:\Users\mi\stm32f401-fft\MDK-ARM\fFt.uvprojx
Project File Date:  07/01/2022

<h2>Output:</h2>
*** Using Compiler 'V5.06 update 3 (build 300)', folder: 'D:\Keil\ARM\ARMCC\Bin'
Build target 'fFt'
compiling main.c...
../Src/main.c(190): warning:  #177-D: variable "last_index" was declared but never referenced
      uint16_t votage_index=0, last_index = 0;
../Src/main.c(452): warning:  #870-D: invalid multibyte character sequence
          printf("æ¨?å¼?ï¿??%d\n", display_mode);
../Src/main.c: 2 warnings, 0 errors
linking...
Program Size: Code=18776 RO-data=43408 RW-data=24 ZI-data=59776  
FromELF: creating hex file...
"fFt\fFt.axf" - 0 Error(s), 2 Warning(s).

<h2>Software Packages used:</h2>

Package Vendor: ARM
                http://www.keil.com/pack/ARM.CMSIS.4.5.0.pack
                ARM::CMSIS:CORE:4.3.0
                CMSIS (Cortex Microcontroller Software Interface Standard)
   * Component: CORE Version: 4.3.0
   * Component: DSP Version: 1.4.6

<h2>Collection of Component include folders:</h2>
  C:\Users\mi\stm32f401-fft\MDK-ARM\RTE
  D:\Keil\ARM\PACK\ARM\CMSIS\4.5.0\CMSIS\Include
  D:\Keil\ARM\PACK\Keil\STM32F4xx_DFP\2.16.0\Drivers\CMSIS\Device\ST\STM32F4xx\Include

<h2>Collection of Component Files used:</h2>

   * Component: ARM::CMSIS:CORE:4.3.0

   * Component: ARM::CMSIS:DSP:1.4.6
      Include file:  CMSIS\Include\arm_math.h
      Library file:  CMSIS\Lib\ARM\arm_cortexM4lf_math.lib
Build Time Elapsed:  00:00:03
</pre>
</body>
</html>
